P0001 282.0257200000 -11.2000000000
P0002 282.0402100000 -11.4000000000
P0003 282.0748500000 -11.6000000000
P0004 282.1810600000 -11.8000000000
P0005 282.2833300000 -12.0092000000
P0006 282.4393000000 -12.2000000000
P0007 282.6576900000 -12.4000000000
P0008 282.9174900000 -12.6000000000
P0009 283.0697500000 -12.8000000000
P0010 283.2300200000 -13.0000000000
P0011 283.3578200000 -13.2000000000
P0012 283.4516200000 -13.4000000000
P0013 283.5285200000 -13.6000000000
P0014 283.5830900000 -13.8000000000
P0015 283.6198200000 -14.0000000000
P0016 283.6824200000 -14.2000000000
P0017 283.7690400000 -14.4000000000
P0018 283.9213600000 -14.6000000000
P0019 284.1065400000 -14.8000000000
P0020 284.3673300000 -15.0000000000
P0485 284.5068000000 -47.3040000000
P0486 284.4943000000 -47.4284000000
P0487 284.4191000000 -47.5532000000
P0488 284.3695000000 -47.6535000000
P0489 284.3685000000 -47.7372000000
P0490 284.2826000000 -47.8706000000
P0491 284.2917000000 -47.9876000000
P0492 284.1805000000 -48.0049000000
P0493 284.1029000000 -48.1731000000
P0494 284.1020000000 -48.2618000000
P0495 284.0706000000 -48.3710000000
P0496 284.1164000000 -48.4871000000
P0497 284.0681000000 -48.5741000000
P0498 284.1113000000 -48.7056000000
P0499 284.0623000000 -48.8960000000
P0500 284.0126000000 -49.0272000000
P0501 284.0547000000 -49.1788000000
P0502 284.0784000000 -49.3552000000
P0503 284.0868000000 -49.4957000000
P0504 284.0995000000 -49.7087000000
P0505 284.1872000000 -49.9545000000
P0506 284.1729000000 -50.2464000000
P0507 284.0874000000 -50.4617000000
P0508 283.9504000000 -50.5622000000
P0509 283.9001000000 -50.8087000000
P0510 283.9540000000 -50.9212000000
P0511 284.0915000000 -51.0918000000
P0512 284.1948000000 -51.2881000000
P0513 284.3149000000 -51.4296000000
P0514 284.1935000000 -51.5476000000
P0515 284.1377000000 -51.7587000000
P0516 284.2003000000 -51.9545000000
P0517 284.3647000000 -52.2439000000
P0518 284.6491000000 -52.4545000000
P0519 284.6816000000 -52.5948000000
P0520 284.7491000000 -52.7763000000
P0521 284.9264000000 -52.9309000000
P0522 285.0704000000 -53.0205000000
P0523 285.2131000000 -53.2119000000
P0524 285.4391000000 -53.4526000000
P0525 285.5968000000 -53.5387000000
P0526 285.6796000000 -53.7120000000
P0527 285.8174000000 -53.8403000000
P0528 286.0624000000 -53.9505000000
P0529 286.2544000000 -54.0251000000
P0530 286.4512000000 -54.0477000000
P0531 286.5796000000 -54.1901000000
P0532 286.7547000000 -54.2232000000
P0533 286.8106000000 -54.3383000000
P0534 286.7794000000 -54.4376000000
P0535 286.6491000000 -54.6044000000
P0536 286.8166000000 -54.7374000000
P0537 287.0201000000 -54.8190000000
P0538 287.2012000000 -54.9147000000
P0539 287.4040000000 -54.9584000000
P0540 287.7512000000 -54.9982000000
P0541 287.9622000000 -55.0954000000
P0542 288.1835000000 -55.1414000000
P0543 288.3329000000 -55.0793000000
P0544 288.5545000000 -55.0704000000
P0545 288.7215000000 -55.1066000000
P0546 288.8363000000 -55.3033000000
P0547 289.0998000000 -55.5088000000
P0548 289.4436000000 -55.6869000000
P0549 289.8032000000 -55.9100000000
P0550 290.0286000000 -56.0189000000
P0551 290.1957000000 -56.1722000000
P0552 290.3669000000 -56.3206000000
P0553 290.6879000000 -56.4489000000
P0554 290.9707000000 -56.5924000000
P0555 291.3585000000 -56.6498000000
P0556 291.6870000000 -56.7332000000
P0557 291.9799000000 -56.7564000000
P0558 292.4353000000 -56.7050000000
P0559 292.6909000000 -56.5710000000
P0560 292.9375000000 -56.4446000000
P0561 293.1708000000 -56.2497000000
P0562 293.3547000000 -56.1481000000
P0563 293.5221000000 -55.9712000000
P0564 293.6556000000 -55.8290000000
P0565 293.7757000000 -55.6625000000
P0566 293.8353000000 -55.4871000000
P0567 294.0299000000 -55.2959000000
P0568 293.9180000000 -55.1655000000
P0569 294.0128000000 -55.0825000000
P0570 294.2792000000 -55.0879000000
P0571 294.4504000000 -55.0494000000
P0572 294.6095000000 -55.0068000000
P0573 294.7154000000 -54.9791000000
P0574 294.9043000000 -54.9290000000
P0575 295.0798000000 -54.9398000000
P0576 295.2848000000 -54.9391000000
P0577 295.6163000000 -54.9338000000
P0578 296.0265000000 -54.8644000000
P0579 298.1500000000 -62.8500000000
P0580 298.1833333000 -62.5833333300
P0581 298.4333333000 -62.4333333300
P0582 298.7833333000 -62.3500000000
P0583 299.1294000000 -62.2790000000
P0584 299.4078000000 -62.1798000000
P0585 299.8881000000 -62.1400000000
P0586 300.2177000000 -62.0152000000
P0587 300.7000000000 -61.9000000000
P0588 301.1833333000 -61.9000000000
P0589 301.7000000000 -61.7833333300
P0590 302.3000000000 -61.7833333300
P0591 250.6124000000 -27.0536000000
P0592 250.6898000000 -27.0780000000
P0593 250.7216000000 -27.0895000000
P0594 250.7708000000 -27.1375000000
P0595 250.6868000000 -27.1523000000
P0596 250.6207000000 -27.1918000000
P0597 250.5697000000 -27.2275000000
P0598 250.5267000000 -27.1823000000
P0599 250.5666667000 -27.1333333300
P0600 250.5882000000 -27.1042000000
P0601 279.8713000000 -26.2400000000
P0602 279.9135000000 -26.2614000000
P0603 279.9530000000 -26.2918000000
P0604 280.0463000000 -26.2628000000
P0605 280.0631000000 -26.2972000000
P0606 280.0960000000 -26.3237000000
P0607 280.1380000000 -26.3404000000
P0608 280.1370000000 -26.3811000000
P0609 280.1706000000 -26.4911000000
P0610 280.0623000000 -26.4016000000
P0611 279.9957000000 -26.3587000000
P0612 279.9303000000 -26.3553000000
P0613 279.8660000000 -26.3340000000
P0614 279.8456000000 -26.2958000000
P0615 279.2166700000 -33.7166670000
P0616 279.2666700000 -33.7666670000
P0617 279.3000000000 -33.8333330000
P0618 279.2500000000 -33.8166670000
P0619 279.2000000000 -33.8000000000
P0620 279.1666700000 -33.7500000000
P0853 285.5833300000 -49.1500000000
P0854 285.5833300000 -49.1333330000
P0855 285.6000000000 -49.1500000000
P0856 285.6000000000 -49.1333330000
P0857 285.9166700000 -52.9666670000
P0858 285.9166700000 -52.9500000000
P0859 285.9333300000 -52.9666670000
P0860 285.9333300000 -52.9500000000
P0861 285.9500000000 -52.9833330000
P0862 285.9500000000 -52.9666670000
P0863 285.9500000000 -52.9500000000
P0864 289.1333300000 -53.1500000000
P0865 289.1333300000 -53.1333330000
P0866 289.1333300000 -53.1166670000
P0867 289.1333300000 -53.1000000000
P0868 289.1500000000 -53.1333330000
P0869 289.1500000000 -53.1166670000
P0870 289.1666700000 -53.1000000000
P0871 292.3333300000 -54.9333330000
P0872 292.3333300000 -54.9166670000
P0873 292.3333300000 -54.9000000000
P0874 292.3500000000 -54.9166670000
P0875 292.3833300000 -54.9166670000
P0876 292.4000000000 -54.9166670000
P0877 250.5500000000 -27.1666670000
P0878 250.5500000000 -27.1500000000
P0879 250.5666700000 -27.1666670000
P0880 250.5666700000 -27.1500000000
P0881 279.8666700000 -26.3000000000
P0882 279.8666700000 -26.2833330000
P0883 279.8833300000 -26.3166670000
P0884 279.8833300000 -26.3000000000
P0885 279.8833300000 -26.2833330000
P0886 279.8833300000 -26.2666670000
P0894 300.3166700000 -62.4833330000
P0895 300.3166700000 -62.4666670000
P0896 300.3333300000 -62.4666670000
P0897 300.3500000000 -62.4666670000
P0898 282.8333333000 -12.0500000000
P0899 282.8166667000 -12.0500000000
P0900 282.8166667000 -12.0666666700
P0956 285.5746260000 -49.1372270000
P0957 285.9340000000 -52.9600000000
P0958 289.1380150000 -53.1237270000
P0959 292.3894300000 -54.9331970000
P0960 250.5605740000 -27.1548500000
P0961 279.8914520000 -26.2922150000
P0963 300.3371010000 -62.4792670000
P0967 289.7908330000 -52.6480560000
P0971 287.4843300000 -51.7291340000
P0972 296.6796860000 -57.8987310000
