 =============  Starting new log at Wed Oct  1 19:38:39 2025
Command line:  -grid /home/talosuazo8/Memoria-de-Titulo-de-Italo/Datos/EasyWave/GrdASCII/grilla_ascii.grd -source /home/talosuazo8/Memoria-de-Titulo-de-Italo/Datos/simulaciones-tsunami-hysea/mw_8.1/02083/02083.flt -time 120
Loading bathymetry from /home/talosuazo8/Memoria-de-Titulo-de-Italo/Datos/EasyWave/GrdASCII/grilla_ascii.grd
Stable CFL time step: 2.40308 sec
Read source from /home/talosuazo8/Memoria-de-Titulo-de-Italo/Datos/simulaciones-tsunami-hysea/mw_8.1/02083/02083.flt

Model parameters for this simulation:
timestep: 2 sec
max time: 120 min
poi_dt_out: 30 sec
poi_report: no
poi_search_dist: 10 km
poi_min_depth: 1 m
poi_max_depth: 10000 m
coriolis: no
min_depth: 10 m
ssh0_rel: 0.01
ssh0_abs: 0 m
ssh_arrival: 0.001 m
ssh_clip: 0.0001 m
ssh_zero: 1e-05 m
ssh_transparency: 0 m

Starting main loop...
Model time = 00:00:00,   elapsed: 229085 msec
Model time = 00:10:00,   elapsed: 229451 msec
Model time = 00:20:00,   elapsed: 230366 msec
Model time = 00:30:00,   elapsed: 232202 msec
Model time = 00:40:00,   elapsed: 235131 msec
Model time = 00:50:00,   elapsed: 239196 msec
Model time = 01:00:00,   elapsed: 244190 msec
Model time = 01:10:00,   elapsed: 249607 msec
Model time = 01:20:00,   elapsed: 255793 msec
Model time = 01:30:00,   elapsed: 262682 msec
Model time = 01:40:00,   elapsed: 270446 msec
Model time = 01:50:00,   elapsed: 278935 msec
Model time = 02:00:00,   elapsed: 288073 msec
Finishing main loop
Final dump...
 =============  Starting new log at Wed Oct  1 19:54:47 2025
Command line:  -grid /home/talosuazo8/Memoria-de-Titulo-de-Italo/Datos/EasyWave/GrdASCII/grilla_ascii.grd -source /home/talosuazo8/Memoria-de-Titulo-de-Italo/Datos/simulaciones-tsunami-hysea/mw_8.1/02083/02083.flt -time 120
Loading bathymetry from /home/talosuazo8/Memoria-de-Titulo-de-Italo/Datos/EasyWave/GrdASCII/grilla_ascii.grd
Stable CFL time step: 2.40308 sec
Read source from /home/talosuazo8/Memoria-de-Titulo-de-Italo/Datos/simulaciones-tsunami-hysea/mw_8.1/02083/02083.flt

Model parameters for this simulation:
timestep: 2 sec
max time: 120 min
poi_dt_out: 30 sec
poi_report: no
poi_search_dist: 10 km
poi_min_depth: 1 m
poi_max_depth: 10000 m
coriolis: no
min_depth: 10 m
ssh0_rel: 0.01
ssh0_abs: 0 m
ssh_arrival: 0.001 m
ssh_clip: 0.0001 m
ssh_zero: 1e-05 m
ssh_transparency: 0 m

Starting main loop...
Model time = 00:00:00,   elapsed: 4772 msec
Model time = 00:10:00,   elapsed: 5014 msec
Model time = 00:20:00,   elapsed: 5694 msec
Model time = 00:30:00,   elapsed: 7217 msec
Model time = 00:40:00,   elapsed: 9683 msec
Model time = 00:50:00,   elapsed: 12700 msec
Model time = 01:00:00,   elapsed: 16293 msec
Model time = 01:10:00,   elapsed: 20485 msec
Model time = 01:20:00,   elapsed: 25313 msec
Model time = 01:30:00,   elapsed: 31103 msec
Model time = 01:40:00,   elapsed: 37585 msec
Model time = 01:50:00,   elapsed: 44670 msec
Model time = 02:00:00,   elapsed: 52366 msec
Finishing main loop
Final dump...
 =============  Starting new log at Wed Oct  1 20:02:01 2025
Command line:  -grid /home/talosuazo8/Memoria-de-Titulo-de-Italo/Datos/EasyWave/GrdASCII/grilla_ascii.grd -source /home/talosuazo8/Memoria-de-Titulo-de-Italo/Datos/simulaciones-tsunami-hysea/mw_8.1/02083/02083.flt -time 120
Loading bathymetry from /home/talosuazo8/Memoria-de-Titulo-de-Italo/Datos/EasyWave/GrdASCII/grilla_ascii.grd
Stable CFL time step: 2.40308 sec
Read source from /home/talosuazo8/Memoria-de-Titulo-de-Italo/Datos/simulaciones-tsunami-hysea/mw_8.1/02083/02083.flt

Model parameters for this simulation:
timestep: 2 sec
max time: 120 min
poi_dt_out: 30 sec
poi_report: no
poi_search_dist: 10 km
poi_min_depth: 1 m
poi_max_depth: 10000 m
coriolis: no
min_depth: 10 m
ssh0_rel: 0.01
ssh0_abs: 0 m
ssh_arrival: 0.001 m
ssh_clip: 0.0001 m
ssh_zero: 1e-05 m
ssh_transparency: 0 m

Starting main loop...
Model time = 00:00:00,   elapsed: 41831 msec
Model time = 00:10:00,   elapsed: 42724 msec
Model time = 00:20:00,   elapsed: 44492 msec
Model time = 00:30:00,   elapsed: 47369 msec
Model time = 00:40:00,   elapsed: 51153 msec
Model time = 00:50:00,   elapsed: 56019 msec
Model time = 01:00:00,   elapsed: 61332 msec
Model time = 01:10:00,   elapsed: 67267 msec
Model time = 01:20:00,   elapsed: 73875 msec
Model time = 01:30:00,   elapsed: 81342 msec
Model time = 01:40:00,   elapsed: 89492 msec
Model time = 01:50:00,   elapsed: 98377 msec
Model time = 02:00:00,   elapsed: 107503 msec
Finishing main loop
Final dump...
 =============  Starting new log at Wed Oct  1 20:09:35 2025
Command line:  -grid /home/talosuazo8/Memoria-de-Titulo-de-Italo/Datos/EasyWave/GrdASCII/grilla_ascii.grd -source /home/talosuazo8/Memoria-de-Titulo-de-Italo/Datos/simulaciones-tsunami-hysea/mw_8.1/02083/02083.flt -time 120
Loading bathymetry from /home/talosuazo8/Memoria-de-Titulo-de-Italo/Datos/EasyWave/GrdASCII/grilla_ascii.grd
Stable CFL time step: 2.40308 sec
Read source from /home/talosuazo8/Memoria-de-Titulo-de-Italo/Datos/simulaciones-tsunami-hysea/mw_8.1/02083/02083.flt

Model parameters for this simulation:
timestep: 2 sec
max time: 120 min
poi_dt_out: 30 sec
poi_report: no
poi_search_dist: 10 km
poi_min_depth: 1 m
poi_max_depth: 10000 m
coriolis: no
min_depth: 10 m
ssh0_rel: 0.01
ssh0_abs: 0 m
ssh_arrival: 0.001 m
ssh_clip: 0.0001 m
ssh_zero: 1e-05 m
ssh_transparency: 0 m

Starting main loop...
Model time = 00:00:00,   elapsed: 230384 msec
Model time = 00:10:00,   elapsed: 230760 msec
Model time = 00:20:00,   elapsed: 231662 msec
Model time = 00:30:00,   elapsed: 233499 msec
Model time = 00:40:00,   elapsed: 236484 msec
Model time = 00:50:00,   elapsed: 240601 msec
Model time = 01:00:00,   elapsed: 245416 msec
Model time = 01:10:00,   elapsed: 250928 msec
Model time = 01:20:00,   elapsed: 257225 msec
Model time = 01:30:00,   elapsed: 264206 msec
Model time = 01:40:00,   elapsed: 272189 msec
Model time = 01:50:00,   elapsed: 280711 msec
Model time = 02:00:00,   elapsed: 289846 msec
Finishing main loop
Final dump...
 =============  Starting new log at Wed Oct  1 20:15:56 2025
Command line:  -grid /home/talosuazo8/Memoria-de-Titulo-de-Italo/Datos/EasyWave/GrdASCII/grilla_ascii.grd -source /home/talosuazo8/Memoria-de-Titulo-de-Italo/Datos/simulaciones-tsunami-hysea/mw_8.1/02083/02083.flt -time 120
Loading bathymetry from /home/talosuazo8/Memoria-de-Titulo-de-Italo/Datos/EasyWave/GrdASCII/grilla_ascii.grd
Stable CFL time step: 2.40308 sec
Read source from /home/talosuazo8/Memoria-de-Titulo-de-Italo/Datos/simulaciones-tsunami-hysea/mw_8.1/02083/02083.flt

Model parameters for this simulation:
timestep: 2 sec
max time: 120 min
poi_dt_out: 30 sec
poi_report: no
poi_search_dist: 10 km
poi_min_depth: 1 m
poi_max_depth: 10000 m
coriolis: no
min_depth: 10 m
ssh0_rel: 0.01
ssh0_abs: 0 m
ssh_arrival: 0.001 m
ssh_clip: 0.0001 m
ssh_zero: 1e-05 m
ssh_transparency: 0 m

Starting main loop...
Model time = 00:00:00,   elapsed: 228787 msec
Model time = 00:10:00,   elapsed: 229162 msec
Model time = 00:20:00,   elapsed: 230046 msec
Model time = 00:30:00,   elapsed: 231855 msec
Model time = 00:40:00,   elapsed: 234841 msec
Model time = 00:50:00,   elapsed: 238960 msec
Model time = 01:00:00,   elapsed: 243947 msec
Model time = 01:10:00,   elapsed: 249504 msec
Model time = 01:20:00,   elapsed: 255719 msec
Model time = 01:30:00,   elapsed: 262746 msec
Model time = 01:40:00,   elapsed: 270556 msec
Model time = 01:50:00,   elapsed: 279036 msec
Model time = 02:00:00,   elapsed: 288245 msec
Finishing main loop
Final dump...
 =============  Starting new log at Wed Oct  1 20:30:53 2025
Command line:  -grid /home/talosuazo8/Memoria-de-Titulo-de-Italo/Datos/EasyWave/GrdASCII/grilla_ascii.grd -source /home/talosuazo8/Memoria-de-Titulo-de-Italo/Datos/simulaciones-tsunami-hysea/mw_8.1/02083/02083.flt -time 120-gpu
Loading bathymetry from /home/talosuazo8/Memoria-de-Titulo-de-Italo/Datos/EasyWave/GrdASCII/grilla_ascii.grd
Stable CFL time step: 2.40308 sec
 =============  Starting new log at Wed Oct  1 20:31:36 2025
Command line:  -grid /home/talosuazo8/Memoria-de-Titulo-de-Italo/Datos/EasyWave/GrdASCII/grilla_ascii.grd -source /home/talosuazo8/Memoria-de-Titulo-de-Italo/Datos/simulaciones-tsunami-hysea/mw_8.1/02083/02083.flt -time 120-gpu
Loading bathymetry from /home/talosuazo8/Memoria-de-Titulo-de-Italo/Datos/EasyWave/GrdASCII/grilla_ascii.grd
Stable CFL time step: 2.40308 sec
Read source from /home/talosuazo8/Memoria-de-Titulo-de-Italo/Datos/simulaciones-tsunami-hysea/mw_8.1/02083/02083.flt

Model parameters for this simulation:
timestep: 2 sec
max time: 120 min
poi_dt_out: 30 sec
poi_report: no
poi_search_dist: 10 km
poi_min_depth: 1 m
poi_max_depth: 10000 m
coriolis: no
min_depth: 10 m
ssh0_rel: 0.01
ssh0_abs: 0 m
ssh_arrival: 0.001 m
ssh_clip: 0.0001 m
ssh_zero: 1e-05 m
ssh_transparency: 0 m

Starting main loop...
Model time = 00:00:00,   elapsed: 228746 msec
Model time = 00:10:00,   elapsed: 229125 msec
Model time = 00:20:00,   elapsed: 230060 msec
Model time = 00:30:00,   elapsed: 231919 msec
Model time = 00:40:00,   elapsed: 235135 msec
Model time = 00:50:00,   elapsed: 239352 msec
Model time = 01:00:00,   elapsed: 244363 msec
Model time = 01:10:00,   elapsed: 250054 msec
Model time = 01:20:00,   elapsed: 256613 msec
Model time = 01:30:00,   elapsed: 263768 msec
Model time = 01:40:00,   elapsed: 271875 msec
Model time = 01:50:00,   elapsed: 280765 msec
Model time = 02:00:00,   elapsed: 290358 msec
Finishing main loop
Final dump...
 =============  Starting new log at Wed Oct  1 20:38:33 2025
Command line:  -grid /home/talosuazo8/Memoria-de-Titulo-de-Italo/Datos/EasyWave/GrdASCII/grilla_ascii.grd -source /home/talosuazo8/Memoria-de-Titulo-de-Italo/Datos/simulaciones-tsunami-hysea/mw_8.1/02083/02083.flt -time 120-gpu
Loading bathymetry from /home/talosuazo8/Memoria-de-Titulo-de-Italo/Datos/EasyWave/GrdASCII/grilla_ascii.grd
Stable CFL time step: 2.40308 sec
Read source from /home/talosuazo8/Memoria-de-Titulo-de-Italo/Datos/simulaciones-tsunami-hysea/mw_8.1/02083/02083.flt

Model parameters for this simulation:
timestep: 2 sec
max time: 120 min
poi_dt_out: 30 sec
poi_report: no
poi_search_dist: 10 km
poi_min_depth: 1 m
poi_max_depth: 10000 m
coriolis: no
min_depth: 10 m
ssh0_rel: 0.01
ssh0_abs: 0 m
ssh_arrival: 0.001 m
ssh_clip: 0.0001 m
ssh_zero: 1e-05 m
ssh_transparency: 0 m

Starting main loop...
Model time = 00:00:00,   elapsed: 229446 msec
Model time = 00:10:00,   elapsed: 229826 msec
Model time = 00:20:00,   elapsed: 230750 msec
Model time = 00:30:00,   elapsed: 232769 msec
Model time = 00:40:00,   elapsed: 236007 msec
Model time = 00:50:00,   elapsed: 240292 msec
Model time = 01:00:00,   elapsed: 245243 msec
Model time = 01:10:00,   elapsed: 250950 msec
Model time = 01:20:00,   elapsed: 257665 msec
Model time = 01:30:00,   elapsed: 265220 msec
Model time = 01:40:00,   elapsed: 273378 msec
Model time = 01:50:00,   elapsed: 282219 msec
Model time = 02:00:00,   elapsed: 291724 msec
Finishing main loop
Final dump...
