ID lon lat   lonIJ latIJ depthIJ   dist[km]
P0021 284.5649 -15.2000   284.5625 -15.2042 93.9   0.530
P0022 284.8080 -15.4000   284.8042 -15.4042 96.2   0.620
P0023 285.2416 -15.6000   285.2375 -15.6042 98.7   0.637
P0024 285.4912 -15.8000   285.4875 -15.8042 451.0   0.611
P0025 285.8396 -16.0000   285.8375 -16.0042 145.8   0.515
P0026 286.0799 -16.2000   286.0792 -16.2042 400.8   0.471
P0027 286.5576 -16.4000   286.5542 -16.4042 178.0   0.592
P0028 286.9955 -16.6000   286.9958 -16.6042 110.7   0.466
P0029 287.4579 -16.8000   287.4542 -16.8042 48.7   0.615
P0030 287.7933 -17.0000   287.7958 -17.0042 210.9   0.535
P0031 288.0206 -17.2000   288.0208 -17.2042 138.9   0.465
P0032 288.1876 -17.4332   288.1875 -17.4292 181.9   0.450
P0033 288.2539 -17.4077   288.2542 -17.4042 179.4   0.395
P0034 288.3300 -17.3559   288.3292 -17.3542 205.1   0.212
P0035 288.4439 -17.3703   288.4458 -17.3708 198.7   0.214
P0036 288.5085 -17.5082   288.5125 -17.5042 175.4   0.619
P0037 288.5357 -17.6402   288.5375 -17.6375 200.1   0.356
P0038 288.5505 -17.6792   288.5542 -17.6792 158.2   0.389
P0039 288.5958 -17.7459   288.5958 -17.7458 265.7   0.008
P0040 288.6709 -17.8144   288.6708 -17.8125 191.3   0.212
P0041 288.7375 -17.8418   288.7375 -17.8458 233.9   0.449
P0042 288.7774 -17.9200   288.7792 -17.9208 205.6   0.209
P0043 288.8344 -17.9482   288.8375 -17.9458 194.8   0.421
P0044 288.9050 -18.0200   288.9042 -18.0208 174.9   0.128
P0045 288.9881 -18.0953   288.9875 -18.0958 272.4   0.087
P0046 289.1473 -18.1861   289.1458 -18.1875 239.4   0.220
P0047 289.1858 -18.2390   289.1875 -18.2375 183.2   0.246
P0048 289.2408 -18.2876   289.2375 -18.2875 269.2   0.349
P0049 289.3620 -18.3594   289.3625 -18.3625 157.8   0.349
P0050 289.4577 -18.4253   289.4542 -18.4292 178.5   0.570
P0051 289.4895 -18.4943   289.4875 -18.4958 117.4   0.272
P0052 289.5431 -18.5407   289.5458 -18.5375 119.5   0.459
P0053 289.5786 -18.6362   289.5792 -18.6375 170.2   0.157
P0054 289.5788 -18.7376   289.5792 -18.7375 188.4   0.040
P0055 289.5729 -18.8179   289.5708 -18.8208 209.1   0.393
P0056 289.6122 -18.9216   289.6125 -18.9208 178.3   0.091
P0057 289.6039 -19.0236   289.6042 -19.0208 189.7   0.310
P0058 289.6187 -19.0487   289.6208 -19.0458 159.9   0.391
P0059 289.6410 -19.1376   289.6375 -19.1375 220.5   0.369
P0060 289.6891 -19.2014   289.6875 -19.2042 202.5   0.351
P0061 289.6761 -19.2462   289.6792 -19.2458 156.3   0.325
P0062 289.6486 -19.3296   289.6458 -19.3292 201.9   0.295
P0063 289.6475 -19.4284   289.6458 -19.4292 172.7   0.195
P0064 289.6616 -19.5220   289.6625 -19.5208 186.3   0.161
P0065 289.6875 -19.5875   289.6875 -19.5875 201.8   0.000
P0066 289.7484 -19.6047   289.7458 -19.6042 192.6   0.276
P0067 289.7595 -19.7037   289.7625 -19.7042 171.5   0.319
P0068 289.7528 -19.7652   289.7542 -19.7625 178.5   0.333
P0069 289.7764 -19.8870   289.7792 -19.8875 191.3   0.295
P0070 289.8116 -19.9554   289.8125 -19.9542 191.3   0.167
P0071 289.7833 -20.0167   289.7792 -20.0208 181.3   0.637
P0072 289.7714 -20.1022   289.7708 -20.1042 141.7   0.227
P0073 289.7576 -20.1792   289.7542 -20.1792 197.4   0.359
P0074 289.7567 -20.2545   289.7542 -20.2542 175.8   0.267
P0075 289.7676 -20.3160   289.7708 -20.3125 177.3   0.516
P0076 289.7279 -20.3879   289.7292 -20.3875 182.9   0.140
P0077 289.6928 -20.4622   289.6958 -20.4625 183.3   0.318
P0078 289.6667 -20.5500   289.6708 -20.5542 197.7   0.636
P0079 289.6518 -20.6154   289.6542 -20.6125 198.1   0.407
P0080 289.5387 -20.7026   289.5375 -20.7042 190.3   0.215
P0081 289.5612 -20.7804   289.5625 -20.7792 221.1   0.193
P0082 289.6334 -20.8210   289.6375 -20.8208 130.4   0.427
P0083 289.6420 -20.9127   289.6458 -20.9125 149.5   0.400
P0084 289.6164 -21.0252   289.6125 -21.0292 346.8   0.600
P0085 289.6386 -21.0794   289.6375 -21.0792 227.4   0.117
P0086 289.6282 -21.1637   289.6292 -21.1625 187.9   0.167
P0087 289.6949 -21.2472   289.6958 -21.2458 220.4   0.181
P0088 289.7278 -21.3733   289.7292 -21.3708 210.1   0.309
P0089 289.7548 -21.5056   289.7542 -21.5042 194.4   0.173
P0090 289.7690 -21.6451   289.7708 -21.6458 120.3   0.207
P0091 289.7522 -21.7031   289.7542 -21.7042 191.9   0.236
P0092 289.7608 -21.7368   289.7625 -21.7375 185.4   0.192
P0093 289.7763 -21.8239   289.7792 -21.8208 185.2   0.452
P0094 289.7703 -21.9134   289.7708 -21.9125 190.9   0.114
P0095 289.7748 -21.9918   289.7708 -21.9958 184.4   0.608
P0096 289.7330 -22.1375   289.7292 -22.1375 210.9   0.396
P0097 289.7244 -22.2837   289.7208 -22.2875 198.3   0.561
P0098 289.7000 -22.3667   289.7042 -22.3708 127.6   0.632
P0099 289.6947 -22.4782   289.6958 -22.4792 159.6   0.159
P0100 289.7056 -22.5379   289.7042 -22.5375 171.9   0.154
P0101 289.6600 -22.5867   289.6625 -22.5875 281.9   0.272
P0102 289.6741 -22.6622   289.6708 -22.6625 266.5   0.338
P0103 289.5966 -22.7594   289.5958 -22.7625 362.4   0.354
P0104 289.5485 -22.7866   289.5458 -22.7875 130.4   0.292
P0105 289.5579 -22.8668   289.5542 -22.8708 217.3   0.591
P0106 289.5484 -22.9786   289.5458 -22.9792 182.6   0.271
P0107 289.4661 -22.9878   289.4625 -22.9875 239.6   0.371
P0108 289.4281 -23.0103   289.4292 -23.0125 174.0   0.268
P0109 289.3808 -23.0551   289.3792 -23.0542 216.3   0.197
P0110 289.4041 -23.1631   289.4042 -23.1625 248.6   0.067
P0111 289.3857 -23.2201   289.3875 -23.2208 541.8   0.202
P0112 289.3808 -23.3051   289.3792 -23.3042 165.6   0.197
P0113 289.3583 -23.3751   289.3542 -23.3792 208.9   0.620
P0114 289.3745 -23.4420   289.3708 -23.4458 56.2   0.568
P0115 289.3606 -23.5314   289.3625 -23.5292 115.5   0.316
P0116 289.4116 -23.5724   289.4125 -23.5708 177.7   0.197
P0117 289.4422 -23.5992   289.4458 -23.5958 167.1   0.528
P0118 289.4833 -23.6500   289.4792 -23.6542 148.3   0.629
P0119 289.4600 -23.7157   289.4625 -23.7125 151.3   0.438
P0120 289.4726 -23.7718   289.4708 -23.7708 254.7   0.210
P0121 289.4599 -23.8963   289.4625 -23.8958 358.9   0.270
P0122 289.4393 -23.9459   289.4375 -23.9458 325.5   0.183
P0123 289.4463 -23.9985   289.4458 -23.9958 211.2   0.301
P0124 289.4367 -24.0310   289.4375 -24.0292 234.7   0.220
P0125 289.4244 -24.1294   289.4208 -24.1292 659.4   0.364
P0126 289.4546 -24.1708   289.4542 -24.1708 275.6   0.044
P0127 289.4346 -24.2409   289.4375 -24.2375 195.3   0.480
P0128 289.4131 -24.3006   289.4125 -24.3042 544.7   0.402
P0129 289.4004 -24.3372   289.4042 -24.3375 476.6   0.384
P0130 289.4067 -24.4010   289.4042 -24.4042 403.5   0.437
P0131 289.3853 -24.4397   289.3875 -24.4375 186.6   0.331
P0132 289.4160 -24.4920   289.4125 -24.4958 160.3   0.555
P0133 289.3959 -24.6010   289.3958 -24.6042 185.3   0.353
P0134 289.3528 -24.6813   289.3542 -24.6792 293.8   0.275
P0135 289.3801 -24.7158   289.3792 -24.7125 302.0   0.380
P0136 289.4038 -24.7713   289.4042 -24.7708 466.1   0.064
P0137 289.4130 -24.8520   289.4125 -24.8542 360.8   0.247
P0138 289.3948 -24.8977   289.3958 -24.8958 471.4   0.233
P0139 289.4499 -24.9337   289.4458 -24.9375 202.7   0.590
P0140 289.4690 -25.0070   289.4708 -25.0042 181.9   0.366
P0141 289.4791 -25.0791   289.4792 -25.0792 168.7   0.010
P0142 289.4399 -25.1213   289.4375 -25.1208 300.1   0.248
P0143 289.4583 -25.1624   289.4542 -25.1625 243.0   0.417
P0144 289.4834 -25.2372   289.4875 -25.2375 182.6   0.415
P0145 289.4549 -25.3582   289.4542 -25.3542 220.9   0.455
P0146 289.4190 -25.4469   289.4208 -25.4458 202.0   0.219
P0147 289.3167 -25.5000   289.3208 -25.5042 241.8   0.625
P0148 289.3150 -25.6209   289.3125 -25.6208 167.2   0.251
P0149 289.2717 -25.6520   289.2708 -25.6542 168.4   0.257
P0150 289.2617 -25.7227   289.2625 -25.7208 118.7   0.223
P0151 289.2335 -25.8374   289.2375 -25.8375 150.4   0.401
P0152 289.2788 -25.9630   289.2792 -25.9625 183.1   0.067
P0153 289.2704 -26.0708   289.2708 -26.0708 191.6   0.044
P0154 289.2541 -26.1244   289.2542 -26.1208 213.6   0.397
P0155 289.2113 -26.2625   289.2125 -26.2625 209.2   0.120
P0156 289.1798 -26.4031   289.1792 -26.4042 222.5   0.135
P0157 289.1911 -26.4839   289.1875 -26.4875 234.7   0.538
P0158 289.2399 -26.5465   289.2375 -26.5458 207.2   0.250
P0159 289.2321 -26.6121   289.2292 -26.6125 241.1   0.296
P0160 289.1250 -26.7666   289.1292 -26.7625 467.7   0.617
P0161 289.1077 -26.8297   289.1042 -26.8292 321.5   0.356
P0162 289.1115 -26.8720   289.1125 -26.8708 195.4   0.164
P0163 289.1106 -26.9486   289.1125 -26.9458 183.7   0.361
P0164 289.0870 -27.0392   289.0875 -27.0375 231.3   0.196
P0165 289.0125 -27.1131   289.0125 -27.1125 193.2   0.067
P0166 288.9871 -27.1378   288.9875 -27.1375 180.1   0.052
P0167 289.0115 -27.1792   289.0125 -27.1792 206.9   0.099
P0168 288.9956 -27.2559   288.9958 -27.2542 210.2   0.195
P0169 288.9790 -27.3212   288.9792 -27.3208 238.5   0.044
P0170 288.9772 -27.3783   288.9792 -27.3792 199.2   0.217
P0171 288.9804 -27.4628   288.9792 -27.4625 268.3   0.126
P0172 288.9529 -27.5147   288.9542 -27.5125 208.6   0.275
P0173 288.9761 -27.5955   288.9792 -27.5958 208.4   0.305
P0174 288.9081 -27.7210   288.9042 -27.7208 343.5   0.388
P0175 288.8729 -27.8881   288.8708 -27.8875 269.3   0.214
P0176 288.8102 -28.0285   288.8125 -28.0292 230.2   0.238
P0177 288.7745 -28.1003   288.7708 -28.1042 421.1   0.562
P0178 288.7705 -28.2161   288.7708 -28.2125 257.8   0.402
P0179 288.7487 -28.2798   288.7458 -28.2792 205.8   0.290
P0180 288.7419 -28.4043   288.7458 -28.4042 150.5   0.386
P0181 288.6955 -28.4188   288.6958 -28.4208 238.3   0.229
P0182 288.6734 -28.4628   288.6708 -28.4625 224.0   0.254
P0183 288.6899 -28.5292   288.6875 -28.5292 157.3   0.235
P0184 288.6740 -28.6296   288.6708 -28.6292 221.3   0.313
P0185 288.6052 -28.7518   288.6042 -28.7542 158.9   0.282
P0186 288.5376 -28.7666   288.5375 -28.7625 302.8   0.457
P0187 288.4872 -28.7969   288.4875 -28.7958 376.5   0.122
P0188 288.4844 -28.8577   288.4875 -28.8542 159.5   0.496
P0189 288.4604 -28.9820   288.4625 -28.9792 116.9   0.376
P0190 288.4538 -29.1060   288.4542 -29.1042 155.7   0.207
P0191 288.4508 -29.2040   288.4542 -29.2042 149.7   0.328
P0192 288.4259 -29.3125   288.4292 -29.3125 146.7   0.317
P0193 288.5209 -29.3959   288.5208 -29.3958 153.5   0.010
P0194 288.5869 -29.4197   288.5875 -29.4208 142.4   0.139
P0195 288.5966 -29.5185   288.5958 -29.5208 193.7   0.270
P0196 288.5915 -29.5876   288.5875 -29.5875 201.3   0.388
P0197 288.5966 -29.6726   288.5958 -29.6708 317.3   0.210
P0198 288.6306 -29.7349   288.6292 -29.7375 211.3   0.321
P0199 288.6462 -29.8435   288.6458 -29.8458 193.0   0.262
P0200 288.5961 -29.8916   288.5958 -29.8875 215.9   0.458
P0201 288.5811 -29.9542   288.5792 -29.9542 224.8   0.187
P0202 288.5403 -30.0466   288.5375 -30.0458 225.7   0.283
P0203 288.4710 -30.1758   288.4708 -30.1792 193.5   0.375
P0204 288.3873 -30.2015   288.3875 -30.2042 194.8   0.298
P0205 288.3196 -30.2792   288.3208 -30.2792 164.4   0.119
P0206 288.2923 -30.3873   288.2958 -30.3875 333.4   0.340
P0207 288.2631 -30.5019   288.2625 -30.5042 160.0   0.259
P0208 288.2609 -30.5652   288.2625 -30.5625 123.4   0.338
P0209 288.2727 -30.7514   288.2708 -30.7542 137.1   0.356
P0210 288.2743 -30.9376   288.2708 -30.9375 360.0   0.331
P0211 288.2805 -31.0101   288.2792 -31.0125 183.7   0.296
P0212 288.2828 -31.1253   288.2792 -31.1292 290.9   0.553
P0213 288.3104 -31.2697   288.3125 -31.2708 412.7   0.237
P0214 288.3491 -31.3878   288.3458 -31.3875 176.3   0.312
P0215 288.3731 -31.5373   288.3708 -31.5375 208.2   0.216
P0216 288.3311 -31.5848   288.3292 -31.5875 225.4   0.352
P0217 288.3488 -31.7047   288.3458 -31.7042 176.3   0.287
P0218 288.3663 -31.7511   288.3625 -31.7542 171.2   0.496
P0219 288.3952 -31.8194   288.3958 -31.8208 141.8   0.171
P0220 288.4256 -31.9457   288.4292 -31.9458 125.1   0.338
P0221 288.4105 -32.0556   288.4125 -32.0542 219.3   0.247
P0222 288.4043 -32.0957   288.4042 -32.0958 189.8   0.019
P0223 288.4257 -32.1996   288.4292 -32.1958 151.3   0.532
P0224 288.4651 -32.2882   288.4625 -32.2875 215.3   0.257
P0225 288.4359 -32.4402   288.4375 -32.4375 210.7   0.336
P0226 288.4182 -32.4962   288.4208 -32.4958 173.9   0.251
P0227 288.3773 -32.5818   288.3792 -32.5792 343.5   0.342
P0228 288.3561 -32.6718   288.3542 -32.6708 185.1   0.211
P0229 288.3591 -32.7328   288.3625 -32.7292 178.4   0.515
P0230 288.3772 -32.8066   288.3792 -32.8042 192.5   0.328
P0231 288.3239 -32.8340   288.3208 -32.8375 248.0   0.484
P0232 288.3047 -32.8656   288.3042 -32.8625 250.5   0.349
P0233 288.2584 -32.9251   288.2625 -32.9292 185.3   0.594
P0234 288.2233 -33.0049   288.2208 -33.0042 216.9   0.245
P0235 288.1579 -33.1171   288.1542 -33.1208 226.7   0.543
P0236 288.1465 -33.2307   288.1458 -33.2292 194.5   0.182
P0237 288.1829 -33.2717   288.1792 -33.2708 217.9   0.361
P0238 288.1648 -33.4012   288.1625 -33.4042 157.2   0.394
P0239 288.1695 -33.4734   288.1708 -33.4708 136.0   0.312
P0240 288.3333 -33.5500   288.3292 -33.5542 338.4   0.604
P0241 288.1933 -33.5642   288.1958 -33.5625 383.9   0.302
P0242 288.1280 -33.5944   288.1292 -33.5958 245.0   0.193
P0243 288.0804 -33.5966   288.0792 -33.5958 222.4   0.143
P0244 288.0546 -33.6142   288.0542 -33.6125 198.1   0.194
P0245 288.0421 -33.6542   288.0458 -33.6542 158.4   0.346
P0246 288.0273 -33.7210   288.0292 -33.7208 161.2   0.174
P0247 287.9676 -33.7404   287.9708 -33.7375 186.9   0.441
P0248 287.9284 -33.7893   287.9292 -33.7875 220.2   0.213
P0249 287.8670 -33.9542   287.8708 -33.9542 172.5   0.354
P0250 287.8035 -34.0795   287.8042 -34.0792 199.0   0.072
P0251 287.7583 -34.1287   287.7542 -34.1292 227.1   0.385
P0252 287.8502 -34.1959   287.8542 -34.1958 188.7   0.366
P0253 287.8337 -34.2791   287.8375 -34.2792 235.0   0.350
P0254 287.8452 -34.4061   287.8458 -34.4042 257.5   0.223
P0255 287.8435 -34.5372   287.8458 -34.5375 180.2   0.217
P0256 287.8532 -34.6222   287.8542 -34.6208 137.5   0.176
P0257 287.8590 -34.6877   287.8625 -34.6875 123.1   0.321
P0258 287.8043 -34.7250   287.8042 -34.7292 212.1   0.464
P0259 287.7170 -34.7792   287.7208 -34.7792 201.3   0.351
P0260 287.6792 -34.8370   287.6792 -34.8375 552.0   0.056
P0261 287.5501 -34.8579   287.5542 -34.8542 204.3   0.558
P0262 287.4713 -34.8741   287.4708 -34.8708 205.3   0.366
P0263 287.4156 -34.9513   287.4125 -34.9542 504.2   0.427
P0264 287.4042 -35.0331   287.4042 -35.0292 250.2   0.438
P0265 287.3454 -35.1211   287.3458 -35.1208 274.2   0.049
P0266 287.4033 -35.1881   287.4042 -35.1875 169.6   0.103
P0267 287.3672 -35.2408   287.3708 -35.2375 195.3   0.494
P0268 287.3051 -35.2706   287.3042 -35.2708 163.8   0.089
P0269 287.2593 -35.3459   287.2625 -35.3458 176.5   0.291
P0270 287.1692 -35.3396   287.1708 -35.3375 203.9   0.277
P0271 287.0913 -35.3462   287.0875 -35.3458 315.3   0.348
P0272 287.0385 -35.4039   287.0375 -35.4042 222.8   0.096
P0273 287.0190 -35.4633   287.0208 -35.4625 178.6   0.189
P0274 286.9857 -35.5117   286.9875 -35.5125 229.3   0.186
P0275 286.9656 -35.5716   286.9625 -35.5708 192.3   0.294
P0276 286.9291 -35.6792   286.9292 -35.6792 277.7   0.007
P0277 286.9345 -35.7784   286.9375 -35.7792 216.4   0.284
P0278 287.0145 -35.8548   287.0125 -35.8542 198.4   0.194
P0279 287.0751 -35.9833   287.0792 -35.9792 188.8   0.589
P0280 287.0546 -36.0761   287.0542 -36.0792 189.6   0.344
P0281 286.9486 -36.1538   286.9458 -36.1542 230.3   0.252
P0282 286.8188 -36.1797   286.8208 -36.1792 202.6   0.192
P0283 286.7551 -36.1559   286.7542 -36.1542 214.9   0.211
P0284 286.6748 -36.0333   286.6708 -36.0292 230.0   0.583
P0285 286.6231 -36.0113   286.6208 -36.0125 213.1   0.244
P0286 286.5687 -36.0533   286.5708 -36.0542 186.3   0.215
P0287 286.5130 -36.1227   286.5125 -36.1208 230.5   0.213
P0288 286.4846 -36.1787   286.4875 -36.1792 184.4   0.266
P0289 286.4656 -36.2504   286.4625 -36.2542 158.4   0.504
P0290 286.4609 -36.3450   286.4625 -36.3458 395.4   0.171
P0291 286.4612 -36.4283   286.4625 -36.4292 266.7   0.151
P0292 286.4485 -36.5040   286.4458 -36.5042 208.1   0.240
P0293 286.4437 -36.5703   286.4458 -36.5708 190.6   0.200
P0294 286.4378 -36.6556   286.4375 -36.6542 206.4   0.162
P0295 286.4325 -36.7120   286.4292 -36.7125 143.5   0.303
P0296 286.5500 -36.7667   286.5542 -36.7708 129.7   0.595
P0297 286.6333 -36.8000   286.6292 -36.8042 210.9   0.595
P0298 286.7833 -36.8333   286.7792 -36.8292 216.7   0.594
P0299 286.6500 -36.8500   286.6542 -36.8542 147.0   0.595
P0300 286.4833 -36.9167   286.4792 -36.9208 277.2   0.594
P0301 286.3869 -36.8181   286.3875 -36.8208 186.9   0.309
P0302 286.3499 -36.8579   286.3458 -36.8542 248.8   0.552
P0303 286.3315 -36.9128   286.3292 -36.9125 212.5   0.211
P0304 286.3507 -36.9459   286.3542 -36.9458 191.3   0.309
P0305 286.2881 -37.0014   286.2875 -37.0042 222.9   0.313
P0306 286.2511 -37.0711   286.2542 -37.0708 215.9   0.274
P0307 286.2419 -37.1246   286.2458 -37.1208 111.3   0.546
P0308 286.2911 -37.1670   286.2875 -37.1708 162.2   0.533
P0309 286.2768 -37.2290   286.2792 -37.2292 221.0   0.211
P0310 286.2690 -37.3366   286.2708 -37.3375 153.8   0.191
P0311 286.2041 -37.3818   286.2042 -37.3792 220.1   0.293
P0312 286.2084 -37.4333   286.2125 -37.4292 192.4   0.586
P0313 286.2219 -37.5637   286.2208 -37.5625 196.1   0.164
P0314 286.2423 -37.6407   286.2458 -37.6375 184.4   0.474
P0315 286.2554 -37.7101   286.2542 -37.7125 191.4   0.289
P0316 286.2295 -37.7371   286.2292 -37.7375 209.3   0.053
P0317 286.2124 -37.7751   286.2125 -37.7792 198.7   0.453
P0318 286.1638 -37.8550   286.1625 -37.8542 184.2   0.147
P0319 286.1164 -37.9043   286.1125 -37.9042 222.1   0.343
P0320 286.0627 -37.9876   286.0625 -37.9875 200.2   0.021
P0321 286.0807 -38.0447   286.0792 -38.0458 197.8   0.185
P0322 286.1748 -38.0755   286.1708 -38.0792 187.2   0.537
P0323 286.2582 -38.1333   286.2542 -38.1292 176.7   0.581
P0324 286.2676 -38.2077   286.2708 -38.2042 180.7   0.485
P0325 286.2151 -38.2526   286.2125 -38.2542 267.6   0.287
P0326 286.1043 -38.2580   286.1042 -38.2542 251.8   0.427
P0327 286.0167 -38.2333   286.0208 -38.2292 312.1   0.590
P0328 285.9167 -38.2167   285.9208 -38.2208 328.8   0.590
P0329 285.8539 -38.2181   285.8542 -38.2208 208.4   0.305
P0330 285.8587 -38.2706   285.8625 -38.2708 155.1   0.333
P0331 285.8708 -38.3375   285.8708 -38.3375 139.8   0.003
P0332 285.9299 -38.3896   285.9292 -38.3875 109.0   0.243
P0333 286.0024 -38.4810   286.0042 -38.4792 134.0   0.256
P0334 286.0749 -38.5209   286.0708 -38.5208 125.7   0.355
P0335 286.0918 -38.5916   286.0958 -38.5875 166.6   0.576
P0336 286.0937 -38.6568   286.0958 -38.6542 194.4   0.347
P0337 286.0944 -38.7289   286.0958 -38.7292 201.0   0.128
P0338 286.1288 -38.7962   286.1292 -38.7958 197.5   0.052
P0339 286.1780 -38.8697   286.1792 -38.8708 197.2   0.162
P0340 286.2158 -38.9185   286.2125 -38.9208 194.9   0.387
P0341 286.2908 -38.9514   286.2875 -38.9542 188.9   0.420
P0342 286.2959 -38.9901   286.2958 -38.9875 197.9   0.290
P0343 286.2324 -39.0538   286.2292 -39.0542 218.8   0.283
P0344 286.1744 -39.0761   286.1708 -39.0792 182.6   0.460
P0345 286.1120 -39.1130   286.1125 -39.1125 189.7   0.071
P0346 286.1178 -39.2038   286.1208 -39.2042 204.6   0.265
P0347 286.1431 -39.2571   286.1458 -39.2542 181.8   0.403
P0348 286.1463 -39.3126   286.1458 -39.3125 197.4   0.042
P0349 286.1504 -39.3666   286.1542 -39.3625 170.0   0.560
P0350 286.1481 -39.4373   286.1458 -39.4375 200.4   0.196
P0351 286.1105 -39.4865   286.1125 -39.4875 189.1   0.205
P0352 286.1213 -39.5290   286.1208 -39.5292 218.0   0.044
P0353 286.0694 -39.5981   286.0708 -39.5958 191.2   0.281
P0354 286.0217 -39.6174   286.0208 -39.6208 191.7   0.390
P0355 286.0027 -39.6948   286.0042 -39.6958 176.5   0.170
P0356 285.9840 -39.7538   285.9875 -39.7542 170.7   0.303
P0357 286.0087 -39.8126   286.0125 -39.8125 197.9   0.325
P0358 286.0035 -39.8716   286.0042 -39.8708 186.0   0.103
P0359 286.0544 -39.8964   286.0542 -39.8958 190.9   0.066
P0360 286.0541 -39.9988   286.0542 -39.9958 322.4   0.331
P0361 286.0237 -40.0710   286.0208 -40.0708 278.4   0.245
P0362 286.0712 -40.1210   286.0708 -40.1208 205.2   0.036
P0363 286.0800 -40.1875   286.0792 -40.1875 184.5   0.071
P0364 285.9676 -40.2154   285.9708 -40.2125 208.4   0.424
P0365 285.9381 -40.2639   285.9375 -40.2625 210.5   0.164
P0366 285.9714 -40.3116   285.9708 -40.3125 187.6   0.111
P0367 285.9107 -40.3475   285.9125 -40.3458 199.7   0.241
P0368 285.8694 -40.3615   285.8708 -40.3625 209.8   0.165
P0369 285.8561 -40.4464   285.8542 -40.4458 210.6   0.176
P0370 285.8709 -40.4875   285.8708 -40.4875 199.0   0.006
P0371 285.8519 -40.5545   285.8542 -40.5542 180.3   0.195
P0372 285.8124 -40.6083   285.8125 -40.6042 195.6   0.461
P0373 285.7772 -40.7153   285.7792 -40.7125 195.2   0.353
P0374 285.7660 -40.7590   285.7625 -40.7625 177.2   0.489
P0375 285.7628 -40.7921   285.7625 -40.7958 204.4   0.417
P0376 285.7629 -40.8502   285.7625 -40.8542 199.7   0.443
P0377 285.8035 -40.8779   285.8042 -40.8792 204.0   0.152
P0378 285.8136 -40.9550   285.8125 -40.9542 208.6   0.131
P0379 285.8349 -41.0074   285.8375 -41.0042 201.1   0.421
P0380 285.8474 -41.0805   285.8458 -41.0792 197.6   0.198
P0381 285.8376 -41.1322   285.8375 -41.1292 199.5   0.338
P0382 285.8331 -41.2240   285.8292 -41.2208 200.4   0.483
P0383 285.7565 -41.2382   285.7542 -41.2375 228.3   0.210
P0384 285.7582 -41.3126   285.7542 -41.3125 205.2   0.338
P0385 285.7753 -41.4039   285.7792 -41.4042 207.3   0.325
P0386 285.8158 -41.4836   285.8125 -41.4875 218.2   0.514
P0387 285.8402 -41.5433   285.8375 -41.5458 218.2   0.361
P0388 285.8040 -41.5826   285.8042 -41.5792 507.8   0.383
P0389 285.7633 -41.6794   285.7625 -41.6792 160.8   0.071
P0390 285.7210 -41.7708   285.7208 -41.7708 152.7   0.014
P0391 285.5791 -41.8291   285.5792 -41.8292 151.1   0.009
P0392 285.4708 -41.8623   285.4708 -41.8625 137.2   0.022
P0393 285.4034 -41.9022   285.4042 -41.9042 151.0   0.228
P0394 285.3201 -41.9434   285.3208 -41.9458 160.3   0.278
P0395 285.3257 -42.0540   285.3292 -42.0542 169.9   0.287
P0396 285.3282 -42.1064   285.3292 -42.1042 178.5   0.261
P0397 285.3043 -42.1991   285.3042 -42.1958 184.3   0.364
P0398 285.3806 -42.2383   285.3792 -42.2375 174.5   0.148
P0399 285.3887 -42.3523   285.3875 -42.3542 197.5   0.230
P0400 285.3951 -42.3948   285.3958 -42.3958 199.7   0.130
P0401 285.3961 -42.4455   285.3958 -42.4458 197.5   0.043
P0402 285.4535 -42.4879   285.4542 -42.4875 184.7   0.071
P0403 285.4733 -42.5789   285.4708 -42.5792 197.0   0.205
P0404 285.4062 -42.6119   285.4042 -42.6125 187.3   0.180
P0405 285.3459 -42.5954   285.3458 -42.5958 185.4   0.049
P0406 285.2955 -42.6286   285.2958 -42.6292 199.2   0.069
P0407 285.2250 -42.6834   285.2292 -42.6875 179.4   0.570
P0408 285.1811 -42.7595   285.1792 -42.7625 197.2   0.370
P0409 285.0996 -42.8257   285.0958 -42.8292 216.4   0.494
P0410 285.0292 -42.8995   285.0292 -42.8958 181.0   0.409
P0411 285.0289 -43.0044   285.0292 -43.0042 197.2   0.034
P0412 285.0591 -43.1288   285.0625 -43.1292 204.8   0.279
P0413 285.0547 -43.2135   285.0542 -43.2125 201.5   0.120
P0414 285.0655 -43.2788   285.0625 -43.2792 203.7   0.247
P0415 285.0163 -43.3590   285.0125 -43.3625 277.4   0.497
P0416 284.9844 -43.4128   284.9875 -43.4125 244.3   0.253
P0417 284.9205 -43.4318   284.9208 -43.4292 137.6   0.295
P0418 284.8372 -43.4981   284.8375 -43.4958 174.7   0.254
P0419 284.8039 -43.6026   284.8042 -43.6042 189.4   0.176
P0420 284.8929 -43.6147   284.8958 -43.6125 164.7   0.341
P0421 284.9442 -43.6556   284.9458 -43.6542 195.3   0.207
P0422 284.9993 -43.7041   284.9958 -43.7042 204.2   0.279
P0423 285.0704 -43.7629   285.0708 -43.7625 174.5   0.057
P0424 285.0265 -43.8477   285.0292 -43.8458 205.9   0.299
P0425 284.9211 -43.8594   284.9208 -43.8625 179.9   0.346
P0426 284.8460 -43.9169   284.8458 -43.9208 150.3   0.438
P0427 284.8543 -43.9915   284.8542 -43.9875 185.9   0.446
P0428 284.8830 -44.0292   284.8792 -44.0292 247.9   0.307
P0429 284.9885 -44.0727   284.9875 -44.0708 182.1   0.223
P0430 285.1833 -44.1333   285.1792 -44.1292 181.8   0.571
P0431 285.1500 -44.2500   285.1542 -44.2542 227.5   0.571
P0432 285.0333 -44.2500   285.0292 -44.2542 455.7   0.571
P0433 284.9262 -44.2814   284.9292 -44.2792 204.9   0.343
P0434 284.8536 -44.2686   284.8542 -44.2708 198.4   0.253
P0435 284.7491 -44.2673   284.7458 -44.2708 147.8   0.472
P0436 284.7265 -44.3406   284.7292 -44.3375 193.9   0.406
P0437 284.7238 -44.4048   284.7208 -44.4042 208.2   0.246
P0438 284.7218 -44.4531   284.7208 -44.4542 196.2   0.142
P0439 284.7186 -44.6039   284.7208 -44.6042 171.0   0.180
P0440 284.7554 -44.6850   284.7542 -44.6875 183.3   0.295
P0441 284.6720 -44.7225   284.6708 -44.7208 173.9   0.207
P0442 284.5042 -44.7937   284.5042 -44.7958 235.7   0.238
P0443 284.5080 -44.8542   284.5042 -44.8542 185.9   0.303
P0444 284.6320 -44.9274   284.6292 -44.9292 159.8   0.298
P0445 284.7881 -45.0201   284.7875 -45.0208 238.7   0.094
P0446 285.0000 -45.0833   285.0042 -45.0792 167.6   0.568
P0447 285.1333 -45.2333   285.1292 -45.2292 163.3   0.568
P0448 284.9167 -45.3667   284.9208 -45.3708 189.3   0.567
P0449 284.8000 -45.2833   284.8042 -45.2792 230.4   0.568
P0450 284.7294 -45.2571   284.7292 -45.2542 274.1   0.327
P0451 284.6898 -45.2875   284.6875 -45.2875 186.0   0.180
P0452 284.6238 -45.3453   284.6208 -45.3458 183.8   0.240
P0453 284.6339 -45.4122   284.6375 -45.4125 190.3   0.284
P0454 284.6369 -45.4556   284.6375 -45.4542 200.5   0.166
P0455 284.6041 -45.5143   284.6042 -45.5125 201.3   0.201
P0456 284.5542 -45.5624   284.5542 -45.5625 214.4   0.011
P0457 284.5197 -45.6295   284.5208 -45.6292 263.4   0.096
P0458 284.4831 -45.6959   284.4792 -45.6958 208.3   0.306
P0459 284.4665 -45.7541   284.4625 -45.7542 242.9   0.311
P0460 284.4739 -45.8296   284.4708 -45.8292 217.8   0.243
P0461 284.4395 -45.8848   284.4375 -45.8875 227.9   0.338
P0462 284.5173 -45.9158   284.5208 -45.9125 203.7   0.458
P0463 284.5709 -45.9706   284.5708 -45.9708 197.1   0.027
P0464 284.5618 -46.0373   284.5625 -46.0375 204.2   0.059
P0465 284.5381 -46.1266   284.5375 -46.1292 202.1   0.290
P0466 284.5038 -46.1957   284.5042 -46.1958 203.1   0.032
P0467 284.5744 -46.2334   284.5708 -46.2375 255.8   0.533
P0468 284.6461 -46.2744   284.6458 -46.2708 185.1   0.398
P0469 284.6756 -46.3127   284.6792 -46.3125 128.4   0.275
P0470 284.6044 -46.3922   284.6042 -46.3958 344.1   0.405
P0471 284.4950 -46.4273   284.4958 -46.4292 204.5   0.218
P0472 284.4432 -46.4658   284.4458 -46.4625 138.0   0.420
P0473 284.4385 -46.5182   284.4375 -46.5208 188.0   0.303
P0474 284.3961 -46.5927   284.3958 -46.5958 111.2   0.350
P0475 284.3854 -46.6385   284.3875 -46.6375 64.0   0.196
P0476 284.3527 -46.7196   284.3542 -46.7208 136.9   0.177
P0477 284.3628 -46.8037   284.3625 -46.8042 56.0   0.057
P0478 284.4042 -46.8458   284.4042 -46.8458 46.3   0.004
P0479 284.3995 -46.8877   284.3958 -46.8875 177.8   0.280
P0480 284.4916 -46.9710   284.4875 -46.9708 177.2   0.312
P0481 284.4594 -47.0201   284.4625 -47.0208 196.3   0.249
P0482 284.4645 -47.0621   284.4625 -47.0625 207.6   0.158
P0483 284.4507 -47.1245   284.4542 -47.1208 188.0   0.486
P0484 284.4530 -47.2199   284.4542 -47.2208 202.1   0.136
P0621 281.0921 -33.5494   281.0958 -33.5458 232.7   0.527
P0622 281.1377 -33.5707   281.1375 -33.5708 176.1   0.024
P0623 281.1906 -33.6098   281.1875 -33.6125 195.0   0.416
P0624 281.2413 -33.6253   281.2375 -33.6292 165.1   0.557
P0625 281.2747 -33.6920   281.2708 -33.6958 174.2   0.558
P0626 281.2750 -33.7209   281.2792 -33.7208 195.1   0.386
P0627 281.2262 -33.7211   281.2292 -33.7208 160.6   0.277
P0628 281.1956 -33.7444   281.1958 -33.7458 219.0   0.161
P0629 281.1543 -33.7463   281.1542 -33.7458 192.5   0.053
P0630 281.1128 -33.7431   281.1125 -33.7458 218.9   0.306
P0631 281.0241 -33.7681   281.0208 -33.7708 143.2   0.429
P0632 280.9250 -33.7254   280.9292 -33.7292 280.6   0.570
P0633 280.9127 -33.6866   280.9125 -33.6875 245.6   0.102
P0634 280.9703 -33.6518   280.9708 -33.6542 200.7   0.268
P0635 281.0190 -33.6137   281.0208 -33.6125 192.0   0.216
P0636 281.0246 -33.5792   281.0208 -33.5792 314.9   0.350
P0637 289.6667 -18.4833   289.6708 -18.4792 10.0   0.640
P0638 289.6667 -18.4667   289.6708 -18.4708 12.1   0.640
P0639 289.6833 -18.4667   289.6792 -18.4708 10.0   0.640
P0640 289.7667 -19.6167   289.7708 -19.6208 54.2   0.638
P0641 289.7667 -19.5833   289.7708 -19.5792 69.0   0.638
P0642 289.7667 -19.6000   289.7625 -19.6042 15.9   0.638
P0643 289.7833 -19.6167   289.7792 -19.6208 30.5   0.638
P0644 289.7833 -19.5833   289.7792 -19.5792 55.6   0.638
P0645 289.8333 -20.2167   289.8292 -20.2208 48.4   0.636
P0646 289.8333 -20.2000   289.8292 -20.2042 39.2   0.636
P0647 289.8333 -20.2333   289.8292 -20.2292 57.7   0.636
P0648 289.8333 -20.1833   289.8292 -20.1792 72.2   0.637
P0649 289.8500 -20.2000   289.8542 -20.2042 10.0   0.637
P0650 289.8500 -20.1833   289.8458 -20.1792 43.1   0.637
P0651 289.7833 -20.8167   289.7792 -20.8208 47.4   0.635
P0652 289.7833 -20.8000   289.7792 -20.8042 49.9   0.635
P0653 289.8000 -20.8167   289.7958 -20.8208 12.2   0.635
P0654 289.8000 -20.8000   289.7958 -20.8042 10.0   0.636
P0655 289.7667 -22.1000   289.7708 -22.1042 71.9   0.633
P0656 289.7667 -22.0833   289.7708 -22.0792 92.4   0.633
P0657 289.7833 -22.1000   289.7792 -22.1042 33.0   0.633
P0658 289.7833 -22.0833   289.7792 -22.0792 81.3   0.633
P0659 289.7833 -22.0667   289.7792 -22.0708 93.2   0.633
P0660 289.8000 -22.0833   289.7958 -22.0792 42.3   0.633
P0661 289.8000 -22.0667   289.7958 -22.0708 54.7   0.633
P0662 289.5167 -23.0833   289.5208 -23.0792 47.8   0.631
P0663 289.5333 -23.1000   289.5292 -23.0958 11.4   0.631
P0664 289.5333 -23.0833   289.5292 -23.0792 51.8   0.631
P0665 289.5500 -23.1000   289.5542 -23.0958 10.0   0.631
P0666 289.5500 -23.0833   289.5542 -23.0792 54.1   0.631
P0667 289.5667 -23.0833   289.5708 -23.0792 46.7   0.631
P0668 289.5667 -23.6667   289.5708 -23.6708 53.5   0.629
P0669 289.5667 -23.6500   289.5708 -23.6542 75.2   0.629
P0670 289.5667 -23.6333   289.5708 -23.6292 87.3   0.629
P0671 289.5667 -23.6167   289.5708 -23.6208 83.5   0.629
P0672 289.5833 -23.6667   289.5792 -23.6708 27.6   0.629
P0673 289.5833 -23.6500   289.5792 -23.6542 50.2   0.629
P0674 289.5833 -23.6333   289.5792 -23.6292 71.7   0.629
P0675 289.5833 -23.6167   289.5792 -23.6208 68.0   0.629
P0676 289.6000 -23.6333   289.5958 -23.6292 19.3   0.630
P0677 289.6000 -23.6167   289.5958 -23.6208 25.9   0.630
P0678 289.5000 -25.0500   289.5042 -25.0542 105.4   0.626
P0679 289.5000 -25.0333   289.5042 -25.0292 95.0   0.626
P0680 289.5000 -25.0167   289.5042 -25.0208 79.0   0.626
P0681 289.5000 -25.0000   289.5042 -25.0042 25.8   0.627
P0682 289.5000 -24.9833   289.5042 -24.9792 38.2   0.627
P0683 289.5167 -25.0500   289.5125 -25.0542 36.9   0.627
P0684 289.5167 -25.0333   289.5208 -25.0292 10.0   0.626
P0685 289.5167 -25.0167   289.5208 -25.0208 22.7   0.626
P0686 289.5167 -25.0000   289.5208 -25.0042 21.7   0.626
P0687 289.5167 -24.9833   289.5208 -24.9792 10.0   0.626
P0688 289.4833 -25.4000   289.4792 -25.3958 15.2   0.625
P0689 289.4833 -25.3833   289.4792 -25.3792 74.8   0.625
P0690 289.5000 -25.4000   289.5042 -25.3958 24.8   0.626
P0691 289.5000 -25.3833   289.5042 -25.3792 76.0   0.626
P0692 289.5167 -25.3833   289.5208 -25.3792 56.8   0.625
P0693 289.5167 -25.4000   289.5125 -25.3958 19.1   0.626
P0694 289.3333 -26.3667   289.3292 -26.3708 21.1   0.623
P0695 289.3333 -26.3500   289.3292 -26.3542 32.9   0.623
P0696 289.3333 -26.3333   289.3292 -26.3292 36.4   0.623
P0697 289.3333 -26.3167   289.3292 -26.3208 24.7   0.623
P0698 289.3500 -26.3500   289.3542 -26.3458 15.9   0.623
P0699 289.3500 -26.3333   289.3542 -26.3292 17.1   0.623
P0700 289.3500 -26.3167   289.3542 -26.3208 12.4   0.623
P0701 289.3667 -26.3500   289.3542 -26.3458 15.9   1.332
P0702 289.3667 -26.3333   289.3625 -26.3292 10.0   0.624
P0703 289.1333 -27.0667   289.1292 -27.0708 71.0   0.621
P0704 289.1333 -27.0500   289.1292 -27.0542 97.0   0.621
P0705 289.1333 -27.0333   289.1292 -27.0292 125.5   0.621
P0706 289.1500 -27.0500   289.1458 -27.0542 15.2   0.622
P0707 289.1500 -27.0333   289.1542 -27.0292 71.5   0.622
P0708 289.1667 -27.0333   289.1708 -27.0292 16.9   0.621
P0709 289.1667 -27.0500   289.1708 -27.0542 10.0   0.621
P0710 289.1833 -27.0500   289.1792 -27.0542 10.0   0.621
P0711 288.7500 -28.4667   288.7542 -28.4625 29.1   0.618
P0712 288.7500 -28.4500   288.7542 -28.4542 52.4   0.618
P0713 288.7500 -28.4333   288.7542 -28.4292 138.5   0.618
P0714 288.7667 -28.4333   288.7708 -28.4292 72.0   0.618
P0715 288.7667 -28.4667   288.7625 -28.4625 27.1   0.618
P0716 288.7667 -28.4500   288.7708 -28.4542 28.2   0.618
P0717 288.7833 -28.4500   288.7792 -28.4542 15.2   0.618
P0718 288.7833 -28.4333   288.7792 -28.4292 46.7   0.618
P0719 288.6333 -29.9500   288.6292 -29.9542 71.0   0.614
P0720 288.6333 -29.9333   288.6292 -29.9292 94.4   0.614
P0721 288.6500 -29.9500   288.6375 -29.9542 10.0   1.293
P0722 288.6500 -29.9333   288.6542 -29.9292 22.0   0.614
P0723 288.6667 -29.9500   288.6708 -29.9542 10.0   0.614
P0724 288.6667 -29.9333   288.6708 -29.9292 25.9   0.614
P0725 288.6833 -29.9500   288.6792 -29.9542 10.0   0.614
P0726 288.6833 -29.9333   288.6792 -29.9292 26.8   0.614
P0727 288.7000 -29.9333   288.7042 -29.9292 13.3   0.614
P0728 288.4500 -32.1500   288.4542 -32.1542 41.5   0.608
P0729 288.4500 -32.1333   288.4542 -32.1292 52.2   0.608
P0730 288.4500 -32.1167   288.4542 -32.1208 54.4   0.608
P0731 288.4667 -32.1500   288.4625 -32.1542 12.5   0.609
P0732 288.4667 -32.1333   288.4708 -32.1292 10.0   0.608
P0733 288.4667 -32.1167   288.4708 -32.1208 10.0   0.608
P0734 288.4833 -32.1167   288.4792 -32.1208 10.0   0.608
P0735 288.4500 -32.7833   288.4542 -32.7792 17.7   0.607
P0736 288.4500 -32.7667   288.4542 -32.7708 24.5   0.607
P0737 288.4667 -32.7500   288.4708 -32.7542 65.1   0.606
P0738 288.4667 -32.7833   288.4792 -32.7792 10.0   1.259
P0739 288.4667 -32.7667   288.4708 -32.7625 32.2   0.606
P0740 288.4833 -32.7833   288.4792 -32.7792 10.0   0.606
P0741 288.4833 -32.7667   288.4792 -32.7708 19.8   0.606
P0742 288.4833 -32.7500   288.4792 -32.7542 56.5   0.606
P0743 288.5000 -32.7500   288.5042 -32.7542 17.1   0.607
P0744 288.3500 -33.0167   288.3542 -33.0208 15.9   0.606
P0745 288.3500 -33.0000   288.3542 -33.0042 109.2   0.606
P0746 288.3667 -33.0000   288.3708 -33.0042 102.0   0.606
P0747 288.3667 -33.0167   288.3708 -33.0208 27.1   0.606
P0748 288.3833 -33.0333   288.3792 -33.0292 49.4   0.606
P0749 288.3833 -33.0167   288.3792 -33.0208 73.4   0.606
P0750 288.4000 -33.0333   288.4042 -33.0292 11.5   0.606
P0751 288.4000 -33.0167   288.4042 -33.0208 54.9   0.606
P0752 288.4000 -33.0000   288.4042 -33.0042 80.5   0.606
P0753 288.3500 -33.6000   288.3542 -33.6042 21.7   0.604
P0754 288.3500 -33.5833   288.3542 -33.5792 57.9   0.604
P0755 288.3500 -33.5667   288.3542 -33.5708 127.5   0.604
P0756 288.3667 -33.6000   288.3708 -33.6042 10.0   0.604
P0757 288.3667 -33.5667   288.3708 -33.5708 53.4   0.604
P0758 288.3667 -33.5833   288.3708 -33.5792 69.9   0.604
P0759 288.3833 -33.5833   288.3792 -33.5875 12.7   0.604
P0760 288.3833 -33.5667   288.3708 -33.5708 53.4   1.250
P0761 287.5167 -35.3500   287.5208 -35.3542 15.0   0.599
P0762 287.5167 -35.3333   287.5208 -35.3292 16.7   0.599
P0763 287.5333 -35.3500   287.5292 -35.3458 10.0   0.599
P0764 287.5333 -35.3333   287.5292 -35.3292 15.6   0.599
P0765 287.5500 -35.3500   287.5375 -35.3458 10.0   1.227
P0766 287.5500 -35.3333   287.5542 -35.3292 14.6   0.599
P0767 286.9333 -36.6500   286.9292 -36.6542 16.7   0.595
P0768 286.9500 -36.6500   286.9542 -36.6542 24.7   0.595
P0769 286.9500 -36.6333   286.9542 -36.6292 10.0   0.595
P0770 286.9667 -36.6500   286.9708 -36.6542 26.8   0.595
P0771 286.9667 -36.6333   286.9708 -36.6292 33.5   0.595
P0772 286.9000 -36.7167   286.9042 -36.7208 10.0   0.595
P0773 286.9000 -36.7000   286.9042 -36.7042 11.1   0.595
P0774 286.9167 -36.6833   286.9208 -36.6792 16.4   0.595
P0775 286.9167 -36.7167   286.9208 -36.7208 10.0   0.595
P0776 286.9167 -36.7000   286.9208 -36.7042 14.1   0.595
P0777 286.8167 -37.0500   286.8208 -37.0542 25.1   0.594
P0778 286.8167 -37.0333   286.8208 -37.0292 10.0   0.594
P0779 286.8167 -37.0167   286.8125 -37.0208 12.2   0.594
P0780 286.8333 -37.0500   286.8292 -37.0542 22.3   0.594
P0781 286.8333 -37.0333   286.8292 -37.0292 10.0   0.594
P0782 286.8333 -37.0667   286.8292 -37.0708 20.1   0.594
P0783 286.8500 -37.0667   286.8458 -37.0625 11.5   0.594
P0784 286.8500 -37.0500   286.8542 -37.0542 10.0   0.594
P0785 286.8500 -37.0333   286.8458 -37.0292 10.0   0.594
P0786 286.3167 -37.6167   286.3125 -37.6208 30.4   0.592
P0787 286.3167 -37.6000   286.3208 -37.6042 10.0   0.592
P0788 286.3167 -37.5833   286.3208 -37.5792 46.7   0.592
P0789 286.3167 -37.5667   286.3208 -37.5708 49.4   0.592
P0790 286.3333 -37.6167   286.3208 -37.6042 10.0   1.777
P0791 286.3333 -37.6000   286.3208 -37.6042 10.0   1.197
P0792 286.3333 -37.5833   286.3292 -37.5792 35.7   0.592
P0793 286.3333 -37.5667   286.3292 -37.5708 38.7   0.592
P0794 286.3500 -37.5833   286.3458 -37.5792 15.1   0.592
P0795 286.7500 -39.4167   286.7542 -39.4208 17.0   0.587
P0796 286.7500 -39.4000   286.7542 -39.4042 10.0   0.587
P0797 286.7500 -39.3833   286.7542 -39.3792 11.5   0.587
P0798 286.7500 -39.3667   286.7542 -39.3708 14.0   0.587
P0799 286.7667 -39.3667   286.7708 -39.3708 10.0   0.587
P0800 286.7667 -39.4167   286.7708 -39.4208 10.8   0.586
P0801 286.7667 -39.4000   286.7625 -39.4042 10.0   0.587
P0802 286.7667 -39.3833   286.7792 -39.3792 10.0   1.172
P0803 286.7833 -39.3833   286.7792 -39.3792 10.0   0.587
P0804 286.7833 -39.3667   286.7792 -39.3708 10.0   0.587
P0805 286.5667 -39.8667   286.5792 -39.8625 12.2   1.165
P0806 286.5667 -39.8500   286.5708 -39.8542 10.6   0.585
P0807 286.5667 -39.8333   286.5708 -39.8292 23.8   0.585
P0808 286.5833 -39.8833   286.5875 -39.8792 10.0   0.585
P0809 286.5833 -39.8667   286.5792 -39.8625 12.2   0.585
P0810 286.5833 -39.8500   286.5792 -39.8542 13.2   0.585
P0811 286.5833 -39.8333   286.5792 -39.8292 16.9   0.585
P0812 286.6000 -39.8833   286.5958 -39.8792 10.0   0.585
P0813 286.6000 -39.8667   286.5958 -39.8625 10.0   0.585
P0814 286.2333 -40.5833   286.2292 -40.5792 47.6   0.583
P0815 286.2333 -40.5667   286.2292 -40.5708 47.0   0.583
P0816 286.2333 -40.6000   286.2292 -40.6042 26.2   0.583
P0817 286.2333 -40.5500   286.2292 -40.5542 43.3   0.583
P0818 286.2500 -40.5833   286.2458 -40.5792 15.1   0.583
P0819 286.2500 -40.5667   286.2542 -40.5708 10.0   0.583
P0820 286.2500 -40.5500   286.2542 -40.5542 10.0   0.583
P0821 286.2667 -40.5500   286.2708 -40.5458 10.0   0.583
P0822 287.0167 -41.5167   287.0208 -41.5208 99.6   0.580
P0823 287.0167 -41.5000   287.0208 -41.5125 10.0   1.435
P0824 287.0333 -41.5000   287.0375 -41.5042 11.8   0.580
P0825 287.0333 -41.5167   287.0292 -41.5208 141.8   0.580
P0826 287.0500 -41.5167   287.0542 -41.5208 241.8   0.580
P0827 287.0500 -41.5000   287.0542 -41.5042 76.2   0.580
P0828 287.0500 -41.4833   287.0542 -41.4792 10.0   0.580
P0829 287.0667 -41.5167   287.0708 -41.5208 259.0   0.580
P0830 287.0667 -41.5000   287.0708 -41.5042 182.3   0.580
P0831 287.0667 -41.4833   287.0708 -41.4792 58.2   0.580
P0832 286.1500 -41.8667   286.1542 -41.8708 10.0   0.579
P0833 286.1500 -41.8500   286.1542 -41.8542 10.0   0.579
P0834 286.1667 -41.8667   286.1625 -41.8708 10.0   0.579
P0835 286.1667 -41.8500   286.1708 -41.8542 10.0   0.579
P0836 286.1833 -41.8667   286.1792 -41.8542 10.0   1.435
P0837 286.1833 -41.8500   286.1792 -41.8542 10.0   0.579
P0838 286.2333 -42.5000   286.2292 -42.5042 10.0   0.577
P0839 286.2500 -42.5000   286.2458 -42.5042 30.0   0.577
P0840 286.2500 -42.4833   286.2542 -42.4792 17.0   0.577
P0841 286.2500 -42.4667   286.2542 -42.4708 10.0   0.577
P0842 286.2333 -43.9000   286.2458 -43.9125 10.0   1.717
P0843 286.2500 -43.9167   286.2542 -43.9208 10.0   0.572
P0844 286.2500 -43.9000   286.2542 -43.9042 10.0   0.572
P0845 286.2667 -43.9000   286.2708 -43.9042 10.0   0.572
P0846 286.2667 -43.8833   286.2708 -43.8792 26.0   0.572
P0847 287.1667 -45.4667   287.1792 -45.4292 10.0   4.291
P0848 287.1667 -45.4500   287.1792 -45.4292 10.0   2.518
P0849 287.1667 -45.4833   287.1125 -45.4542 10.0   5.336
P0850 287.1833 -45.4667   287.1792 -45.4292 10.0   4.191
P0851 287.1833 -45.4500   287.1792 -45.4292 10.0   2.344
P0852 287.1833 -45.4333   287.1792 -45.4292 10.0   0.567
P0887 281.1667 -33.6000   281.1708 -33.6042 189.9   0.604
P0888 281.1667 -33.6167   281.1708 -33.6208 44.3   0.604
P0889 281.1833 -33.6333   281.1792 -33.6292 47.2   0.604
P0890 281.1833 -33.6167   281.1792 -33.6208 112.3   0.604
P0891 281.1833 -33.6000   281.1792 -33.6042 231.1   0.604
P0892 281.2000 -33.6333   281.2042 -33.6292 24.7   0.604
P0893 281.2000 -33.6167   281.2042 -33.6208 93.7   0.604
P0901 286.3000 -16.2333   286.3042 -16.2375 10.0   0.644
P0902 286.2833 -16.2333   286.2792 -16.2292 35.2   0.644
P0903 286.3000 -16.2500   286.3042 -16.2542 46.3   0.644
P0904 286.2833 -16.2500   286.2792 -16.2542 112.5   0.644
P0905 287.8833 -17.0000   287.8792 -17.0042 63.7   0.642
P0906 287.8833 -17.0167   287.8792 -17.0208 73.8   0.642
P0907 287.9000 -17.0167   287.9042 -17.0208 64.6   0.642
P0908 287.8667 -17.0000   287.8708 -17.0042 102.1   0.642
P0909 287.8667 -17.0167   287.8708 -17.0208 107.6   0.642
P0910 287.9500 -34.6333   287.9458 -34.6292 17.3   0.601
P0911 287.9500 -34.6167   287.9458 -34.6208 16.6   0.601
P0912 287.9333 -34.6167   287.9292 -34.6208 39.0   0.601
P0913 287.9333 -34.6333   287.9292 -34.6292 38.6   0.601
P0914 287.9333 -34.6500   287.9292 -34.6542 37.9   0.601
P0915 287.9167 -34.6167   287.9208 -34.6208 48.4   0.601
P0916 287.9167 -34.6333   287.9208 -34.6292 48.7   0.601
P0917 287.9167 -34.6500   287.9208 -34.6542 48.1   0.601
P0918 286.5790 -20.4417   286.5792 -20.4458 4886.9   0.465
P0919 287.9630 -23.1630   287.9625 -23.1625 4318.8   0.076
P0920 286.0170 -26.7430   286.0208 -26.7458 4020.3   0.495
P0921 286.2010 -32.1230   286.2042 -32.1208 4233.3   0.384
P0922 284.7570 -35.7580   284.7542 -35.7542 4190.8   0.498
P0923 286.5710 -20.4730   286.5708 -20.4708 4867.5   0.242
P0924 286.2170 -32.1180   286.2208 -32.1208 4260.3   0.480
P0925 284.7162 -35.7469   284.7125 -35.7458 4193.2   0.360
P0926 289.6768 -18.4758   289.6792 -18.4708 10.0   0.609
P0927 289.7840 -19.5969   289.7875 -19.5875 10.0   1.108
P0928 289.8522 -20.2046   289.8542 -20.2042 10.0   0.214
P0929 289.8020 -20.8032   289.7958 -20.8042 10.0   0.648
P0930 289.7883 -22.0938   289.7875 -22.0875 35.9   0.703
P0931 289.5492 -23.0975   289.5458 -23.0958 10.0   0.389
P0932 289.5956 -23.6531   289.5958 -23.6458 10.0   0.814
P0933 289.5313 -25.0090   289.5292 -25.0042 10.0   0.577
P0934 289.5083 -25.4081   289.5042 -25.3958 24.8   1.430
P0935 289.3663 -26.3518   289.3542 -26.3458 15.9   1.384
P0936 289.1753 -27.0646   289.1792 -27.0542 10.0   1.225
P0937 288.7762 -28.4608   288.7792 -28.4542 15.2   0.797
P0938 288.6647 -29.9501   288.6708 -29.9542 10.0   0.748
P0939 288.4707 -32.1356   288.4708 -32.1292 10.0   0.718
P0940 288.4747 -32.7756   288.4792 -32.7792 10.0   0.579
P0941 288.3741 -33.0273   288.3792 -33.0292 49.4   0.520
P0942 288.3818 -33.5816   288.3792 -33.5875 12.7   0.699
P0943 287.5419 -35.3559   287.5375 -35.3458 10.0   1.193
P0944 286.9427 -36.6361   286.9458 -36.6375 10.0   0.315
P0945 286.8938 -36.6954   286.9042 -36.6958 10.0   0.931
P0946 286.8483 -37.0286   286.8458 -37.0292 10.0   0.226
P0947 286.3360 -37.5942   286.3375 -37.5875 18.7   0.761
P0948 286.7851 -39.3977   286.7708 -39.4125 10.0   2.058
P0949 286.5725 -39.8866   286.5875 -39.8875 10.0   1.285
P0950 286.2630 -40.5811   286.2542 -40.5708 10.0   1.366
P0951 287.0388 -41.4847   287.0542 -41.4875 10.0   1.322
P0952 286.1669 -41.8674   286.1625 -41.8708 10.0   0.531
P0953 286.2415 -42.4809   286.2458 -42.4792 10.0   0.402
P0954 286.2518 -43.8985   286.2542 -43.9042 10.0   0.663
P0955 287.1800 -45.4671   287.1792 -45.4292 10.0   4.224
P0962 281.1701 -33.6360   281.1792 -33.6292 47.2   1.135
P0964 287.9538 -34.6394   287.9458 -34.6375 12.3   0.757
P0965 287.9421 -34.6873   287.9375 -34.6792 11.4   1.002
P0966 286.5919 -38.7499   286.5708 -38.7625 10.0   2.305
P0968 287.0429 -36.5380   287.0542 -36.5375 10.3   1.014
P0969 288.5313 -29.2459   288.5292 -29.2375 10.0   0.955
P0970 286.4789 -45.1646   286.4792 -45.1708 10.0   0.698
